<?xml version="1.0" encoding="UTF-8"?>
<testsuites name="jest tests" tests="52" failures="0" errors="0" time="3.629">
  <testsuite name="Unitário - calculateField (Equipe 11)" errors="0" failures="0" skipped="0" timestamp="2026-05-27T22:39:53" time="1.23" tests="2">
    <testcase classname="Unitário - calculateField (Equipe 11) calcula corretamente com valores padrão" name="Unitário - calculateField (Equipe 11) calcula corretamente com valores padrão" time="0.02">
    </testcase>
    <testcase classname="Unitário - calculateField (Equipe 11) calcula corretamente com grama artificial e base reforçada" name="Unitário - calculateField (Equipe 11) calcula corretamente com grama artificial e base reforçada" time="0.008">
    </testcase>
  </testsuite>
  <testsuite name="calcularConsumo" errors="0" failures="0" skipped="0" timestamp="2026-05-27T22:39:53" time="1.738" tests="17">
    <testcase classname="calcularConsumo calcula kWh corretamente para lista de aparelhos" name="calcularConsumo calcula kWh corretamente para lista de aparelhos" time="0.016">
    </testcase>
    <testcase classname="calcularConsumo usa 30 dias por padrão" name="calcularConsumo usa 30 dias por padrão" time="0.001">
    </testcase>
    <testcase classname="calcularConsumo aceita número de dias personalizado" name="calcularConsumo aceita número de dias personalizado" time="0.001">
    </testcase>
    <testcase classname="calcularConsumo lança erro para lista vazia" name="calcularConsumo lança erro para lista vazia" time="0.049">
    </testcase>
    <testcase classname="calcularConsumo lança erro para aparelho com dados incompletos" name="calcularConsumo lança erro para aparelho com dados incompletos" time="0.004">
    </testcase>
    <testcase classname="calcularConsumo lança erro para valores negativos" name="calcularConsumo lança erro para valores negativos" time="0.003">
    </testcase>
    <testcase classname="calcularConta calcula corretamente com bandeira verde (sem adicional)" name="calcularConta calcula corretamente com bandeira verde (sem adicional)" time="0.002">
    </testcase>
    <testcase classname="calcularConta aplica adicional de bandeira amarela" name="calcularConta aplica adicional de bandeira amarela" time="0.003">
    </testcase>
    <testcase classname="calcularConta aplica adicional de bandeira vermelha1" name="calcularConta aplica adicional de bandeira vermelha1" time="0.002">
    </testcase>
    <testcase classname="calcularConta aplica adicional de bandeira vermelha2" name="calcularConta aplica adicional de bandeira vermelha2" time="0.001">
    </testcase>
    <testcase classname="calcularConta lança erro para kWh negativo" name="calcularConta lança erro para kWh negativo" time="0.002">
    </testcase>
    <testcase classname="calcularConta lança erro para tarifa zero ou negativa" name="calcularConta lança erro para tarifa zero ou negativa" time="0.002">
    </testcase>
    <testcase classname="calcularConta lança erro para bandeira inválida" name="calcularConta lança erro para bandeira inválida" time="0.002">
    </testcase>
    <testcase classname="simularComparacao retorna cenário mais econômico corretamente" name="simularComparacao retorna cenário mais econômico corretamente" time="0.005">
    </testcase>
    <testcase classname="simularComparacao calcula diferença de kWh entre cenários" name="simularComparacao calcula diferença de kWh entre cenários" time="0.001">
    </testcase>
    <testcase classname="simularComparacao calcula economia em reais" name="simularComparacao calcula economia em reais" time="0.005">
    </testcase>
    <testcase classname="simularComparacao lança erro se cenários estão vazios" name="simularComparacao lança erro se cenários estão vazios" time="0.003">
    </testcase>
  </testsuite>
  <testsuite name="Unitário - calcularNF" errors="0" failures="0" skipped="0" timestamp="2026-05-27T22:39:53" time="1.949" tests="21">
    <testcase classname="Unitário - calcularNF deve calcular corretamente com alíquotas padrão" name="Unitário - calcularNF deve calcular corretamente com alíquotas padrão" time="0.024">
    </testcase>
    <testcase classname="Unitário - calcularNF deve calcular corretamente com valor diferente" name="Unitário - calcularNF deve calcular corretamente com valor diferente" time="0.002">
    </testcase>
    <testcase classname="Unitário - calcularNF deve lançar erro se valorProduto for zero" name="Unitário - calcularNF deve lançar erro se valorProduto for zero" time="0.095">
    </testcase>
    <testcase classname="Unitário - calcularNF deve lançar erro se valorProduto for negativo" name="Unitário - calcularNF deve lançar erro se valorProduto for negativo" time="0.005">
    </testcase>
    <testcase classname="Unitário - calcularNF deve lançar erro se algum imposto for negativo" name="Unitário - calcularNF deve lançar erro se algum imposto for negativo" time="0.004">
    </testcase>
    <testcase classname="Unitário - calcularNF deve funcionar com impostos zerados" name="Unitário - calcularNF deve funcionar com impostos zerados" time="0.001">
    </testcase>
    <testcase classname="Unitário - calcularNF TABELA deve ter as alíquotas padrão corretas" name="Unitário - calcularNF TABELA deve ter as alíquotas padrão corretas" time="0.002">
    </testcase>
    <testcase classname="Unitário - calcularNFInverso deve calcular o valor original corretamente" name="Unitário - calcularNFInverso deve calcular o valor original corretamente" time="0.003">
    </testcase>
    <testcase classname="Unitário - calcularNFInverso deve lançar erro se totalNF for zero" name="Unitário - calcularNFInverso deve lançar erro se totalNF for zero" time="0.003">
    </testcase>
    <testcase classname="Unitário - calcularNFInverso deve lançar erro se totalNF for negativo" name="Unitário - calcularNFInverso deve lançar erro se totalNF for negativo" time="0.004">
    </testcase>
    <testcase classname="Unitário - calcularNFInverso deve lançar erro se imposto for negativo" name="Unitário - calcularNFInverso deve lançar erro se imposto for negativo" time="0.002">
    </testcase>
    <testcase classname="Unitário - calcularNFInverso deve funcionar com impostos zerados" name="Unitário - calcularNFInverso deve funcionar com impostos zerados" time="0.002">
    </testcase>
    <testcase classname="Unitário - compararAliquotas deve identificar cenário B como mais vantajoso quando tem menor carga tributária" name="Unitário - compararAliquotas deve identificar cenário B como mais vantajoso quando tem menor carga tributária" time="0.003">
    </testcase>
    <testcase classname="Unitário - compararAliquotas deve identificar cenário A como mais vantajoso quando tem menor carga tributária" name="Unitário - compararAliquotas deve identificar cenário A como mais vantajoso quando tem menor carga tributária" time="0.004">
    </testcase>
    <testcase classname="Unitário - compararAliquotas deve retornar empate quando cenários têm mesmas alíquotas" name="Unitário - compararAliquotas deve retornar empate quando cenários têm mesmas alíquotas" time="0.001">
    </testcase>
    <testcase classname="Unitário - compararAliquotas deve retornar diferencaPercentual correta" name="Unitário - compararAliquotas deve retornar diferencaPercentual correta" time="0.001">
    </testcase>
    <testcase classname="Unitário - compararAliquotas deve lançar erro se valorProduto for zero" name="Unitário - compararAliquotas deve lançar erro se valorProduto for zero" time="0.004">
    </testcase>
    <testcase classname="Unitário - compararAliquotas deve lançar erro se valorProduto for negativo" name="Unitário - compararAliquotas deve lançar erro se valorProduto for negativo" time="0.002">
    </testcase>
    <testcase classname="Unitário - compararAliquotas deve lançar erro se alguma alíquota do cenário A for negativa" name="Unitário - compararAliquotas deve lançar erro se alguma alíquota do cenário A for negativa" time="0.002">
    </testcase>
    <testcase classname="Unitário - compararAliquotas deve lançar erro se alguma alíquota do cenário B for negativa" name="Unitário - compararAliquotas deve lançar erro se alguma alíquota do cenário B for negativa" time="0.002">
    </testcase>
    <testcase classname="Unitário - compararAliquotas deve funcionar com cenários sem alíquotas (tudo zero)" name="Unitário - compararAliquotas deve funcionar com cenários sem alíquotas (tudo zero)" time="0.002">
    </testcase>
  </testsuite>
  <testsuite name="POST /ENRG/consumo" errors="0" failures="0" skipped="0" timestamp="2026-05-27T22:39:53" time="2.14" tests="6">
    <testcase classname="POST /ENRG/consumo retorna 200 com resultado correto" name="POST /ENRG/consumo retorna 200 com resultado correto" time="0.095">
    </testcase>
    <testcase classname="POST /ENRG/consumo retorna 400 sem corpo" name="POST /ENRG/consumo retorna 400 sem corpo" time="0.011">
    </testcase>
    <testcase classname="POST /ENRG/conta retorna 200 com valor da conta" name="POST /ENRG/conta retorna 200 com valor da conta" time="0.011">
    </testcase>
    <testcase classname="POST /ENRG/conta retorna 400 sem tarifa" name="POST /ENRG/conta retorna 400 sem tarifa" time="0.009">
    </testcase>
    <testcase classname="POST /ENRG/simular retorna 200 com comparação" name="POST /ENRG/simular retorna 200 com comparação" time="0.011">
    </testcase>
    <testcase classname="POST /ENRG/simular retorna 400 sem cenários" name="POST /ENRG/simular retorna 400 sem cenários" time="0.007">
    </testcase>
  </testsuite>
  <testsuite name="Equipe 21 - BURGCALC funcoes" errors="0" failures="0" skipped="0" timestamp="2026-05-27T22:39:55" time="0.193" tests="6">
    <testcase classname="Equipe 21 - BURGCALC funcoes deve expor os campos obrigatorios do calculo" name="Equipe 21 - BURGCALC funcoes deve expor os campos obrigatorios do calculo" time="0.004">
    </testcase>
    <testcase classname="Equipe 21 - BURGCALC funcoes deve calcular custo total, custo unitario, preco sugerido e lucro por unidade" name="Equipe 21 - BURGCALC funcoes deve calcular custo total, custo unitario, preco sugerido e lucro por unidade" time="0.003">
    </testcase>
    <testcase classname="Equipe 21 - BURGCALC funcoes deve rejeitar quantidade igual ou menor que zero" name="Equipe 21 - BURGCALC funcoes deve rejeitar quantidade igual ou menor que zero" time="0.058">
    </testcase>
    <testcase classname="Equipe 21 - BURGCALC funcoes deve rejeitar entradas invalidas" name="Equipe 21 - BURGCALC funcoes deve rejeitar entradas invalidas" time="0.03">
    </testcase>
    <testcase classname="Equipe 21 - BURGCALC funcoes deve rejeitar custos negativos" name="Equipe 21 - BURGCALC funcoes deve rejeitar custos negativos" time="0.003">
    </testcase>
    <testcase classname="Equipe 21 - BURGCALC funcoes deve rejeitar margem de lucro negativa" name="Equipe 21 - BURGCALC funcoes deve rejeitar margem de lucro negativa" time="0.004">
    </testcase>
  </testsuite>
</testsuites>